[22-Sep-2025 11:31:51 America/Montevideo] PHP Parse error:  syntax error, unexpected token ":", expecting "->" or "?->" or "[" in C:\Users\USUARIO\Documents\GitHub\Draftosaurus\test_fisica.php on line 54
[22-Sep-2025 11:32:18 America/Montevideo] === CÁLCULO MOMENTO DE INERCIA JUGADOR 1 ===
[22-Sep-2025 11:32:18 America/Montevideo] Dino trex en bosque-semejanza: masa=7000kg, distancia=2.2360679774998m, momento=52500
[22-Sep-2025 11:32:18 America/Montevideo] Dino dino5 en bosque-semejanza: masa=15000kg, distancia=2.2360679774998m, momento=129000
[22-Sep-2025 11:32:18 America/Montevideo] Dino dino2 en isla-solitario: masa=15kg, distancia=2.2360679774998m, momento=77.16
[22-Sep-2025 11:32:18 America/Montevideo] Momento total jugador 1: 181577.16 kg⋅m²
[22-Sep-2025 11:32:18 America/Montevideo] Inercia normalizada: 8.2478837156484
[22-Sep-2025 11:32:18 America/Montevideo] Bonus: +5 puntos (distribución concentrada)
[22-Sep-2025 11:32:18 America/Montevideo] === CÁLCULO MOMENTO DE INERCIA JUGADOR 2 ===
[22-Sep-2025 11:32:18 America/Montevideo] Dino dino1 en bosque-semejanza: masa=2.5kg, distancia=2.2360679774998m, momento=12.59
[22-Sep-2025 11:32:18 America/Montevideo] Dino dino3 en rio: masa=3500kg, distancia=1m, momento=6650
[22-Sep-2025 11:32:18 America/Montevideo] Dino dino4 en rio: masa=6000kg, distancia=1m, momento=15600
[22-Sep-2025 11:32:18 America/Montevideo] Momento total jugador 2: 22262.59 kg⋅m²
[22-Sep-2025 11:32:18 America/Montevideo] Inercia normalizada: 2.3428139963168
[22-Sep-2025 11:32:18 America/Montevideo] Bonus: +8 puntos (distribución muy concentrada)
[22-Sep-2025 11:32:18 America/Montevideo] === ANÁLISIS FÍSICO COMPLETO ===
[22-Sep-2025 11:32:18 America/Montevideo] J1: Momento=181577.16, Bonus=5
[22-Sep-2025 11:32:18 America/Montevideo] J2: Momento=22262.59, Bonus=8
[22-Sep-2025 11:32:18 America/Montevideo] === INICIO CÁLCULO DE PUNTUACIONES ===
[22-Sep-2025 11:32:18 America/Montevideo] Recintos recibidos: {
    "bosque-semejanza": {
        "dinosaurios": [
            {
                "jugador": 1,
                "especie": "trex"
            },
            {
                "jugador": 1,
                "especie": "dino5"
            },
            {
                "jugador": 2,
                "especie": "dino1"
            }
        ]
    },
    "rio": {
        "dinosaurios": [
            {
                "jugador": 2,
                "especie": "dino3"
            },
            {
                "jugador": 2,
                "especie": "dino4"
            }
        ]
    },
    "isla-solitario": {
        "dinosaurios": [
            {
                "jugador": 1,
                "especie": "dino2"
            }
        ]
    }
}
[22-Sep-2025 11:32:18 America/Montevideo] --- Procesando recinto: bosque-semejanza ---
[22-Sep-2025 11:32:18 America/Montevideo] Configuración: {"nombre":"El Bosque de la Semejanza","tipo":"bosque-semejanza","ambiente":"boscoso","zona":"izquierda","capacidad_max":null,"puntos_por_dino":{"1":1,"2":3,"3":6,"4":10,"5":15,"6":21}}
[22-Sep-2025 11:32:18 America/Montevideo] Dinosaurios: [{"jugador":1,"especie":"trex"},{"jugador":1,"especie":"dino5"},{"jugador":2,"especie":"dino1"}]
[22-Sep-2025 11:32:18 America/Montevideo] Dinosaurios por jugador: {"1":["trex","dino5"],"2":["dino1"]}
[22-Sep-2025 11:32:18 America/Montevideo] Bosque Semejanza: max cantidad 1 = 1 puntos
[22-Sep-2025 11:32:18 America/Montevideo] Bonus T-Rex aplicado (+1) en recinto bosque-semejanza para jugador 1
[22-Sep-2025 11:32:18 America/Montevideo] Recinto bosque-semejanza - Jugador 1: 2 puntos (especies: ["trex","dino5"])
[22-Sep-2025 11:32:18 America/Montevideo] Jugador 1 en bosque-semejanza: 2 puntos
[22-Sep-2025 11:32:18 America/Montevideo] Bosque Semejanza: max cantidad 1 = 1 puntos
[22-Sep-2025 11:32:18 America/Montevideo] Recinto bosque-semejanza - Jugador 2: 1 puntos (especies: ["dino1"])
[22-Sep-2025 11:32:18 America/Montevideo] Jugador 2 en bosque-semejanza: 1 puntos
[22-Sep-2025 11:32:18 America/Montevideo] --- Procesando recinto: rio ---
[22-Sep-2025 11:32:18 America/Montevideo] Configuración: {"nombre":"El R\u00edo","tipo":"rio","ambiente":"neutral","zona":"centro","capacidad_max":null,"puntos_por_dino":1}
[22-Sep-2025 11:32:18 America/Montevideo] Dinosaurios: [{"jugador":2,"especie":"dino3"},{"jugador":2,"especie":"dino4"}]
[22-Sep-2025 11:32:18 America/Montevideo] Dinosaurios por jugador: {"1":[],"2":["dino3","dino4"]}
[22-Sep-2025 11:32:18 America/Montevideo] Río: 2 dinosaurios = 2 puntos
[22-Sep-2025 11:32:18 America/Montevideo] Recinto rio - Jugador 2: 2 puntos (especies: ["dino3","dino4"])
[22-Sep-2025 11:32:18 America/Montevideo] Jugador 2 en rio: 2 puntos
[22-Sep-2025 11:32:18 America/Montevideo] --- Procesando recinto: isla-solitario ---
[22-Sep-2025 11:32:18 America/Montevideo] Configuración: {"nombre":"La Isla Solitaria","tipo":"isla-solitario","ambiente":"rocoso","zona":"derecha","capacidad_max":1,"puntos_solitario":7}
[22-Sep-2025 11:32:18 America/Montevideo] Dinosaurios: [{"jugador":1,"especie":"dino2"}]
[22-Sep-2025 11:32:18 America/Montevideo] Dinosaurios por jugador: {"1":["dino2"],"2":[]}
[22-Sep-2025 11:32:18 America/Montevideo] Isla Solitaria - Especie dino2: Jugador 1 tiene 1 en total
[22-Sep-2025 11:32:18 America/Montevideo] Isla Solitaria: dino2 es único para jugador 1
[22-Sep-2025 11:32:18 America/Montevideo] Recinto isla-solitario - Jugador 1: 7 puntos (especies: ["dino2"])
[22-Sep-2025 11:32:18 America/Montevideo] Jugador 1 en isla-solitario: 7 puntos
[22-Sep-2025 11:32:18 America/Montevideo] === CÁLCULO BONUS FÍSICA ===
[22-Sep-2025 11:32:18 America/Montevideo] === CÁLCULO MOMENTO DE INERCIA JUGADOR 1 ===
[22-Sep-2025 11:32:18 America/Montevideo] Dino trex en bosque-semejanza: masa=7000kg, distancia=2.2360679774998m, momento=52500
[22-Sep-2025 11:32:18 America/Montevideo] Dino dino5 en bosque-semejanza: masa=15000kg, distancia=2.2360679774998m, momento=129000
[22-Sep-2025 11:32:18 America/Montevideo] Dino dino2 en isla-solitario: masa=15kg, distancia=2.2360679774998m, momento=77.16
[22-Sep-2025 11:32:18 America/Montevideo] Momento total jugador 1: 181577.16 kg⋅m²
[22-Sep-2025 11:32:18 America/Montevideo] Inercia normalizada: 8.2478837156484
[22-Sep-2025 11:32:18 America/Montevideo] Bonus: +5 puntos (distribución concentrada)
[22-Sep-2025 11:32:18 America/Montevideo] === CÁLCULO MOMENTO DE INERCIA JUGADOR 2 ===
[22-Sep-2025 11:32:18 America/Montevideo] Dino dino1 en bosque-semejanza: masa=2.5kg, distancia=2.2360679774998m, momento=12.59
[22-Sep-2025 11:32:18 America/Montevideo] Dino dino3 en rio: masa=3500kg, distancia=1m, momento=6650
[22-Sep-2025 11:32:18 America/Montevideo] Dino dino4 en rio: masa=6000kg, distancia=1m, momento=15600
[22-Sep-2025 11:32:18 America/Montevideo] Momento total jugador 2: 22262.59 kg⋅m²
[22-Sep-2025 11:32:18 America/Montevideo] Inercia normalizada: 2.3428139963168
[22-Sep-2025 11:32:18 America/Montevideo] Bonus: +8 puntos (distribución muy concentrada)
[22-Sep-2025 11:32:18 America/Montevideo] === ANÁLISIS FÍSICO COMPLETO ===
[22-Sep-2025 11:32:18 America/Montevideo] J1: Momento=181577.16, Bonus=5
[22-Sep-2025 11:32:18 America/Montevideo] J2: Momento=22262.59, Bonus=8
[22-Sep-2025 11:32:18 America/Montevideo] Bonus física J1: 5 puntos
[22-Sep-2025 11:32:18 America/Montevideo] Bonus física J2: 8 puntos
[22-Sep-2025 11:32:18 America/Montevideo] === RESUMEN FINAL (CON FÍSICA) ===
[22-Sep-2025 11:32:18 America/Montevideo] Jugador 1: 14 puntos total (base: 9 + física: 5)
[22-Sep-2025 11:32:18 America/Montevideo] Detalle J1: {"bosque-semejanza":2,"isla-solitario":7}
[22-Sep-2025 11:32:18 America/Montevideo] Jugador 2: 11 puntos total (base: 3 + física: 8)
[22-Sep-2025 11:32:18 America/Montevideo] Detalle J2: {"bosque-semejanza":1,"rio":2}
[22-Sep-2025 11:32:18 America/Montevideo] === FIN CÁLCULO DE PUNTUACIONES ===
[22-Sep-2025 11:32:18 America/Montevideo] Determinando ganador: J1=14, J2=11
[22-Sep-2025 11:32:18 America/Montevideo] Ganador: Jugador 1
[22-Sep-2025 11:32:18 America/Montevideo] Bosque Semejanza: max cantidad 1 = 1 puntos
[22-Sep-2025 11:32:18 America/Montevideo] Bonus T-Rex aplicado (+1) en recinto bosque-semejanza para jugador 1
[22-Sep-2025 11:32:18 America/Montevideo] Recinto bosque-semejanza - Jugador 1: 2 puntos (especies: ["trex","dino5"])
[22-Sep-2025 11:32:18 America/Montevideo] Bosque Semejanza: max cantidad 1 = 1 puntos
[22-Sep-2025 11:32:18 America/Montevideo] Recinto bosque-semejanza - Jugador 2: 1 puntos (especies: ["dino1"])
[22-Sep-2025 11:32:18 America/Montevideo] Río: 2 dinosaurios = 2 puntos
[22-Sep-2025 11:32:18 America/Montevideo] Recinto rio - Jugador 2: 2 puntos (especies: ["dino3","dino4"])
[22-Sep-2025 11:32:18 America/Montevideo] Isla Solitaria - Especie dino2: Jugador 1 tiene 1 en total
[22-Sep-2025 11:32:18 America/Montevideo] Isla Solitaria: dino2 es único para jugador 1
[22-Sep-2025 11:32:18 America/Montevideo] Recinto isla-solitario - Jugador 1: 7 puntos (especies: ["dino2"])
[22-Sep-2025 11:32:18 America/Montevideo] === CÁLCULO MOMENTO DE INERCIA JUGADOR 1 ===
[22-Sep-2025 11:32:18 America/Montevideo] Dino trex en bosque-semejanza: masa=7000kg, distancia=2.2360679774998m, momento=52500
[22-Sep-2025 11:32:18 America/Montevideo] Dino dino5 en bosque-semejanza: masa=15000kg, distancia=2.2360679774998m, momento=129000
[22-Sep-2025 11:32:18 America/Montevideo] Dino dino2 en isla-solitario: masa=15kg, distancia=2.2360679774998m, momento=77.16
[22-Sep-2025 11:32:18 America/Montevideo] Momento total jugador 1: 181577.16 kg⋅m²
[22-Sep-2025 11:32:18 America/Montevideo] Inercia normalizada: 8.2478837156484
[22-Sep-2025 11:32:18 America/Montevideo] Bonus: +5 puntos (distribución concentrada)
[22-Sep-2025 11:32:18 America/Montevideo] === CÁLCULO MOMENTO DE INERCIA JUGADOR 2 ===
[22-Sep-2025 11:32:18 America/Montevideo] Dino dino1 en bosque-semejanza: masa=2.5kg, distancia=2.2360679774998m, momento=12.59
[22-Sep-2025 11:32:18 America/Montevideo] Dino dino3 en rio: masa=3500kg, distancia=1m, momento=6650
[22-Sep-2025 11:32:18 America/Montevideo] Dino dino4 en rio: masa=6000kg, distancia=1m, momento=15600
[22-Sep-2025 11:32:18 America/Montevideo] Momento total jugador 2: 22262.59 kg⋅m²
[22-Sep-2025 11:32:18 America/Montevideo] Inercia normalizada: 2.3428139963168
[22-Sep-2025 11:32:18 America/Montevideo] Bonus: +8 puntos (distribución muy concentrada)
[22-Sep-2025 11:32:18 America/Montevideo] === ANÁLISIS FÍSICO COMPLETO ===
[22-Sep-2025 11:32:18 America/Montevideo] J1: Momento=181577.16, Bonus=5
[22-Sep-2025 11:32:18 America/Montevideo] J2: Momento=22262.59, Bonus=8
